// Jest Snapshot v1, https://goo.gl/fbAQLP

exports[`renders correctly 1`] = `
<RCTSafeAreaView
  emulateUnlessSupported={true}
  style={
    Array [
      Object {
        "backgroundColor": "#32ff6a",
        "flexBasis": 0,
        "flexDirection": "column",
        "flexGrow": 1,
        "flexShrink": 1,
        "justifyContent": "flex-end",
      },
    ]
  }
>
  <View
    style={
      Array [
        Object {
          "alignItems": "flex-end",
          "backgroundColor": "#a8ff3e",
          "flexBasis": 0,
          "flexDirection": "column",
          "flexGrow": 1,
          "flexShrink": 1,
          "justifyContent": "flex-end",
        },
      ]
    }
  >
    <Text
      style={
        Array [
          Object {
            "fontSize": 58,
            "paddingBottom": 16,
            "paddingLeft": 16,
            "paddingRight": 16,
            "paddingTop": 16,
          },
        ]
      }
    >
      0
    </Text>
  </View>
  <View
    style={
      Array [
        Object {
          "flexBasis": 0,
          "flexDirection": "column",
          "flexGrow": 1,
          "flexShrink": 1,
          "justifyContent": "flex-end",
        },
      ]
    }
  >
    <View
      style={
        Array [
          Object {
            "flexDirection": "row",
            "marginBottom": 24,
          },
        ]
      }
    >
      <View
        accessible={true}
        isTVSelectable={true}
        onResponderGrant={[Function]}
        onResponderMove={[Function]}
        onResponderRelease={[Function]}
        onResponderTerminate={[Function]}
        onResponderTerminationRequest={[Function]}
        onStartShouldSetResponder={[Function]}
        style={
          Object {
            "alignItems": "center",
            "backgroundColor": "#FFF",
            "borderColor": "#27aa80",
            "borderRadius": 10,
            "borderStyle": "solid",
            "borderWidth": 5,
            "flexBasis": 0,
            "flexGrow": 1,
            "flexShrink": 1,
            "marginBottom": 4,
            "marginLeft": 4,
            "marginRight": 4,
            "marginTop": 4,
            "opacity": 1,
            "paddingBottom": 10,
            "paddingLeft": 10,
            "paddingRight": 10,
            "paddingTop": 10,
          }
        }
      >
        <Text
          style={
            Array [
              Object {
                "color": "#333",
                "fontSize": 38,
              },
            ]
          }
        >
          C
        </Text>
      </View>
      <View
        accessible={true}
        isTVSelectable={true}
        onResponderGrant={[Function]}
        onResponderMove={[Function]}
        onResponderRelease={[Function]}
        onResponderTerminate={[Function]}
        onResponderTerminationRequest={[Function]}
        onStartShouldSetResponder={[Function]}
        style={
          Object {
            "alignItems": "center",
            "backgroundColor": "#FFF",
            "borderColor": "#27aa80",
            "borderRadius": 10,
            "borderStyle": "solid",
            "borderWidth": 5,
            "flexBasis": 0,
            "flexGrow": 1,
            "flexShrink": 1,
            "marginBottom": 4,
            "marginLeft": 4,
            "marginRight": 4,
            "marginTop": 4,
            "opacity": 1,
            "paddingBottom": 10,
            "paddingLeft": 10,
            "paddingRight": 10,
            "paddingTop": 10,
          }
        }
      >
        <Text
          style={
            Array [
              Object {
                "color": "#333",
                "fontSize": 38,
              },
            ]
          }
        >
          +
        </Text>
      </View>
      <View
        accessible={true}
        isTVSelectable={true}
        onResponderGrant={[Function]}
        onResponderMove={[Function]}
        onResponderRelease={[Function]}
        onResponderTerminate={[Function]}
        onResponderTerminationRequest={[Function]}
        onStartShouldSetResponder={[Function]}
        style={
          Object {
            "alignItems": "center",
            "backgroundColor": "#FFF",
            "borderColor": "#27aa80",
            "borderRadius": 10,
            "borderStyle": "solid",
            "borderWidth": 5,
            "flexBasis": 0,
            "flexGrow": 1,
            "flexShrink": 1,
            "marginBottom": 4,
            "marginLeft": 4,
            "marginRight": 4,
            "marginTop": 4,
            "opacity": 1,
            "paddingBottom": 10,
            "paddingLeft": 10,
            "paddingRight": 10,
            "paddingTop": 10,
          }
        }
      >
        <Text
          style={
            Array [
              Object {
                "color": "#333",
                "fontSize": 38,
              },
            ]
          }
        >
          -
        </Text>
      </View>
      <View
        accessible={true}
        isTVSelectable={true}
        onResponderGrant={[Function]}
        onResponderMove={[Function]}
        onResponderRelease={[Function]}
        onResponderTerminate={[Function]}
        onResponderTerminationRequest={[Function]}
        onStartShouldSetResponder={[Function]}
        style={
          Object {
            "alignItems": "center",
            "backgroundColor": "#FFF",
            "borderColor": "#27aa80",
            "borderRadius": 10,
            "borderStyle": "solid",
            "borderWidth": 5,
            "flexBasis": 0,
            "flexGrow": 1,
            "flexShrink": 1,
            "marginBottom": 4,
            "marginLeft": 4,
            "marginRight": 4,
            "marginTop": 4,
            "opacity": 1,
            "paddingBottom": 10,
            "paddingLeft": 10,
            "paddingRight": 10,
            "paddingTop": 10,
          }
        }
      >
        <Text
          style={
            Array [
              Object {
                "color": "#333",
                "fontSize": 38,
              },
            ]
          }
        >
          X
        </Text>
      </View>
    </View>
    <View
      style={
        Array [
          Object {
            "flexDirection": "row",
            "marginBottom": 24,
          },
        ]
      }
    >
      <View
        accessible={true}
        isTVSelectable={true}
        onResponderGrant={[Function]}
        onResponderMove={[Function]}
        onResponderRelease={[Function]}
        onResponderTerminate={[Function]}
        onResponderTerminationRequest={[Function]}
        onStartShouldSetResponder={[Function]}
        style={
          Object {
            "alignItems": "center",
            "backgroundColor": "#FFF",
            "borderColor": "#27aa80",
            "borderRadius": 10,
            "borderStyle": "solid",
            "borderWidth": 5,
            "flexBasis": 0,
            "flexGrow": 1,
            "flexShrink": 1,
            "marginBottom": 4,
            "marginLeft": 4,
            "marginRight": 4,
            "marginTop": 4,
            "opacity": 1,
            "paddingBottom": 10,
            "paddingLeft": 10,
            "paddingRight": 10,
            "paddingTop": 10,
          }
        }
      >
        <Text
          style={
            Array [
              Object {
                "color": "#333",
                "fontSize": 38,
              },
            ]
          }
        >
          0
        </Text>
      </View>
      <View
        accessible={true}
        isTVSelectable={true}
        onResponderGrant={[Function]}
        onResponderMove={[Function]}
        onResponderRelease={[Function]}
        onResponderTerminate={[Function]}
        onResponderTerminationRequest={[Function]}
        onStartShouldSetResponder={[Function]}
        style={
          Object {
            "alignItems": "center",
            "backgroundColor": "#FFF",
            "borderColor": "#27aa80",
            "borderRadius": 10,
            "borderStyle": "solid",
            "borderWidth": 5,
            "flexBasis": 0,
            "flexGrow": 1,
            "flexShrink": 1,
            "marginBottom": 4,
            "marginLeft": 4,
            "marginRight": 4,
            "marginTop": 4,
            "opacity": 1,
            "paddingBottom": 10,
            "paddingLeft": 10,
            "paddingRight": 10,
            "paddingTop": 10,
          }
        }
      >
        <Text
          style={
            Array [
              Object {
                "color": "#333",
                "fontSize": 38,
              },
            ]
          }
        >
          1
        </Text>
      </View>
      <View
        accessible={true}
        isTVSelectable={true}
        onResponderGrant={[Function]}
        onResponderMove={[Function]}
        onResponderRelease={[Function]}
        onResponderTerminate={[Function]}
        onResponderTerminationRequest={[Function]}
        onStartShouldSetResponder={[Function]}
        style={
          Object {
            "alignItems": "center",
            "backgroundColor": "#FFF",
            "borderColor": "#27aa80",
            "borderRadius": 10,
            "borderStyle": "solid",
            "borderWidth": 5,
            "flexBasis": 0,
            "flexGrow": 1,
            "flexShrink": 1,
            "marginBottom": 4,
            "marginLeft": 4,
            "marginRight": 4,
            "marginTop": 4,
            "opacity": 1,
            "paddingBottom": 10,
            "paddingLeft": 10,
            "paddingRight": 10,
            "paddingTop": 10,
          }
        }
      >
        <Text
          style={
            Array [
              Object {
                "color": "#333",
                "fontSize": 38,
              },
            ]
          }
        >
          2
        </Text>
      </View>
      <View
        accessible={true}
        isTVSelectable={true}
        onResponderGrant={[Function]}
        onResponderMove={[Function]}
        onResponderRelease={[Function]}
        onResponderTerminate={[Function]}
        onResponderTerminationRequest={[Function]}
        onStartShouldSetResponder={[Function]}
        style={
          Object {
            "alignItems": "center",
            "backgroundColor": "#FFF",
            "borderColor": "#27aa80",
            "borderRadius": 10,
            "borderStyle": "solid",
            "borderWidth": 5,
            "flexBasis": 0,
            "flexGrow": 1,
            "flexShrink": 1,
            "marginBottom": 4,
            "marginLeft": 4,
            "marginRight": 4,
            "marginTop": 4,
            "opacity": 1,
            "paddingBottom": 10,
            "paddingLeft": 10,
            "paddingRight": 10,
            "paddingTop": 10,
          }
        }
      >
        <Text
          style={
            Array [
              Object {
                "color": "#333",
                "fontSize": 38,
              },
            ]
          }
        >
          /
        </Text>
      </View>
    </View>
    <View
      style={
        Array [
          Object {
            "flexDirection": "row",
            "marginBottom": 24,
          },
        ]
      }
    >
      <View
        accessible={true}
        isTVSelectable={true}
        onResponderGrant={[Function]}
        onResponderMove={[Function]}
        onResponderRelease={[Function]}
        onResponderTerminate={[Function]}
        onResponderTerminationRequest={[Function]}
        onStartShouldSetResponder={[Function]}
        style={
          Object {
            "alignItems": "center",
            "backgroundColor": "#FFF",
            "borderColor": "#27aa80",
            "borderRadius": 10,
            "borderStyle": "solid",
            "borderWidth": 5,
            "flexBasis": 0,
            "flexGrow": 1,
            "flexShrink": 1,
            "marginBottom": 4,
            "marginLeft": 4,
            "marginRight": 4,
            "marginTop": 4,
            "opacity": 1,
            "paddingBottom": 10,
            "paddingLeft": 10,
            "paddingRight": 10,
            "paddingTop": 10,
          }
        }
      >
        <Text
          style={
            Array [
              Object {
                "color": "#333",
                "fontSize": 38,
              },
            ]
          }
        >
          3
        </Text>
      </View>
      <View
        accessible={true}
        isTVSelectable={true}
        onResponderGrant={[Function]}
        onResponderMove={[Function]}
        onResponderRelease={[Function]}
        onResponderTerminate={[Function]}
        onResponderTerminationRequest={[Function]}
        onStartShouldSetResponder={[Function]}
        style={
          Object {
            "alignItems": "center",
            "backgroundColor": "#FFF",
            "borderColor": "#27aa80",
            "borderRadius": 10,
            "borderStyle": "solid",
            "borderWidth": 5,
            "flexBasis": 0,
            "flexGrow": 1,
            "flexShrink": 1,
            "marginBottom": 4,
            "marginLeft": 4,
            "marginRight": 4,
            "marginTop": 4,
            "opacity": 1,
            "paddingBottom": 10,
            "paddingLeft": 10,
            "paddingRight": 10,
            "paddingTop": 10,
          }
        }
      >
        <Text
          style={
            Array [
              Object {
                "color": "#333",
                "fontSize": 38,
              },
            ]
          }
        >
          4
        </Text>
      </View>
      <View
        accessible={true}
        isTVSelectable={true}
        onResponderGrant={[Function]}
        onResponderMove={[Function]}
        onResponderRelease={[Function]}
        onResponderTerminate={[Function]}
        onResponderTerminationRequest={[Function]}
        onStartShouldSetResponder={[Function]}
        style={
          Object {
            "alignItems": "center",
            "backgroundColor": "#FFF",
            "borderColor": "#27aa80",
            "borderRadius": 10,
            "borderStyle": "solid",
            "borderWidth": 5,
            "flexBasis": 0,
            "flexGrow": 1,
            "flexShrink": 1,
            "marginBottom": 4,
            "marginLeft": 4,
            "marginRight": 4,
            "marginTop": 4,
            "opacity": 1,
            "paddingBottom": 10,
            "paddingLeft": 10,
            "paddingRight": 10,
            "paddingTop": 10,
          }
        }
      >
        <Text
          style={
            Array [
              Object {
                "color": "#333",
                "fontSize": 38,
              },
            ]
          }
        >
          5
        </Text>
      </View>
      <View
        accessible={true}
        isTVSelectable={true}
        onResponderGrant={[Function]}
        onResponderMove={[Function]}
        onResponderRelease={[Function]}
        onResponderTerminate={[Function]}
        onResponderTerminationRequest={[Function]}
        onStartShouldSetResponder={[Function]}
        style={
          Object {
            "alignItems": "center",
            "backgroundColor": "#FFF",
            "borderColor": "#27aa80",
            "borderRadius": 10,
            "borderStyle": "solid",
            "borderWidth": 5,
            "flexBasis": 0,
            "flexGrow": 1,
            "flexShrink": 1,
            "marginBottom": 4,
            "marginLeft": 4,
            "marginRight": 4,
            "marginTop": 4,
            "opacity": 1,
            "paddingBottom": 10,
            "paddingLeft": 10,
            "paddingRight": 10,
            "paddingTop": 10,
          }
        }
      >
        <Text
          style={
            Array [
              Object {
                "color": "#333",
                "fontSize": 38,
              },
            ]
          }
        >
          =
        </Text>
      </View>
    </View>
  </View>
</RCTSafeAreaView>
`;
